// Jest Snapshot v1, https://goo.gl/fbAQLP

exports[`renders correctly 1`] = `
<div>
  <p
    style={
      Object {
        "color": "red",
        "fontWeight": "bold",
      }
    }
  >
    Hours
  </p>
  <table>
    <tbody>
      <tr
        style={
          Object {
            "fontFamily": "sans-serif",
            "fontSize": 14,
          }
        }
      >
        <th
          style={
            Object {
              "textAlign": "left",
            }
          }
        >
          Mon
        </th>
        <td>
          08:00 am - 08:00 pm
        </td>
        <p
          style={
            Object {
              "color": "green",
              "fontWeight": "bold",
            }
          }
        >
          Open Now
        </p>
      </tr>
      <tr
        style={
          Object {
            "fontFamily": "sans-serif",
            "fontSize": 14,
          }
        }
      >
        <th
          style={
            Object {
              "textAlign": "left",
            }
          }
        >
          Tue
        </th>
        <td>
          07:00 am - 09:00 pm
        </td>
        <p />
      </tr>
      <tr
        style={
          Object {
            "fontFamily": "sans-serif",
            "fontSize": 14,
          }
        }
      >
        <th
          style={
            Object {
              "textAlign": "left",
            }
          }
        >
          Wed
        </th>
        <td>
          07:00 am - 11:00 pm
        </td>
        <p />
      </tr>
      <tr
        style={
          Object {
            "fontFamily": "sans-serif",
            "fontSize": 14,
          }
        }
      >
        <th
          style={
            Object {
              "textAlign": "left",
            }
          }
        >
          Thu
        </th>
        <td>
          03:00 am - 04:00 pm
        </td>
        <p />
      </tr>
      <tr
        style={
          Object {
            "fontFamily": "sans-serif",
            "fontSize": 14,
          }
        }
      >
        <th
          style={
            Object {
              "textAlign": "left",
            }
          }
        >
          Fri
        </th>
        <td>
          07:00 am - 09:00 pm
        </td>
        <p />
      </tr>
      <tr
        style={
          Object {
            "fontFamily": "sans-serif",
            "fontSize": 14,
          }
        }
      >
        <th
          style={
            Object {
              "textAlign": "left",
            }
          }
        >
          Sat
        </th>
        <td>
          07:00 am - 11:00 pm
        </td>
        <p />
      </tr>
      <tr
        style={
          Object {
            "fontFamily": "sans-serif",
            "fontSize": 14,
          }
        }
      >
        <th
          style={
            Object {
              "textAlign": "left",
            }
          }
        >
          Sun
        </th>
        <td>
          03:00 am - 04:00 pm
        </td>
        <p />
      </tr>
    </tbody>
  </table>
  <span>
    <img
      src="https://png.icons8.com/ios/50/2e6d97/edit.png"
      style={
        Object {
          "height": 15,
          "marginTop": 4,
          "mode": "fit",
          "width": 15,
        }
      }
    />
    <a
      href="https://www.yelp.com"
      style={
        Object {
          "color": "#2e6d97",
          "fontSize": 13,
          "marginLeft": 4,
          "marginTop": 4,
        }
      }
    >
      Edit business info
    </a>
  </span>
</div>
`;
